// Jest Snapshot v1, https://goo.gl/fbAQLP

exports[`renders 1`] = `
<div
  className="StyledBox-sc-13pk1d4-0 dMKPgk"
>
  <span
    className="StyledText-sc-1sadyjn-0 hUokoe"
  >
    Hello...
  </span>
</div>
`;
